1..46
ok 1 - LineColPos Line, Test 1: normal 1G0*.
ok 2 - LineColPos Column, Test 1: normal 1G0*.
ok 3 - LineColPos Line, Test 2: normal *.
ok 4 - LineColPos Column, Test 2: normal *.
ok 5 - LineColPos Line, Test 3: normal 1G0viw*.
ok 6 - LineColPos Column, Test 3: normal 1G0viw*.
ok 7 - LineColPos Line, Test 4: normal *.
ok 8 - LineColPos Column, Test 4: normal *.
ok 9 - LineColPos Line, Test 5: normal *.
ok 10 - LineColPos Column, Test 5: normal *.
ok 11 - LineColPos Line, Test 6: normal 1G0#.
ok 12 - LineColPos Column, Test 6: normal 1G0#.
ok 13 - LineColPos Line, Test 7: normal #.
ok 14 - LineColPos Column, Test 7: normal #.
ok 15 - LineColPos Line, Test 8: normal 1G0viw#.
ok 16 - LineColPos Column, Test 8: normal 1G0viw#.
ok 17 - LineColPos Line, Test 9: normal #.
ok 18 - LineColPos Column, Test 9: normal #.
ok 19 - LineColPos Line, Test 10: normal #.
ok 20 - LineColPos Column, Test 10: normal #.
ok 21 - LineColPos Line, Test 11: normal 1G0g*.
ok 22 - LineColPos Column, Test 11: normal 1G0g*.
ok 23 - LineColPos Line, Test 12: normal g*.
ok 24 - LineColPos Column, Test 12: normal g*.
ok 25 - LineColPos Line, Test 13: normal g*.
ok 26 - LineColPos Column, Test 13: normal g*.
ok 27 - LineColPos Line, Test 14: normal g*.
ok 28 - LineColPos Column, Test 14: normal g*.
ok 29 - LineColPos Line, Test 15: normal g*.
ok 30 - LineColPos Column, Test 15: normal g*.
ok 31 - LineColPos Line, Test 16: normal 1G0g#.
ok 32 - LineColPos Column, Test 16: normal 1G0g#.
ok 33 - LineColPos Line, Test 17: normal g#.
ok 34 - LineColPos Column, Test 17: normal g#.
ok 35 - LineColPos Line, Test 18: normal 1G09|*.
ok 36 - LineColPos Column, Test 18: normal 1G09|*.
ok 37 - LineColPos Line, Test 19: normal n.
ok 38 - LineColPos Column, Test 19: normal n.
ok 39 - LineColPos Line, Test 20: normal n.
ok 40 - LineColPos Column, Test 20: normal n.
ok 41 - LineColPos Line, Test 21: normal N.
ok 42 - LineColPos Column, Test 21: normal N.
ok 43 - LineColPos Line, Test 22: normal N.
ok 44 - LineColPos Column, Test 22: normal N.
ok 45 - LineColPos Line, Test 23: normal N.
ok 46 - LineColPos Column, Test 23: normal N.
